Rolling Greens Golf Club - Membership Report

MemberID  Member Name         Type Gender   
 00000    Teresa Casey          1    F      
 00000    Colm Ryan             1    M      
 00000    Padraig Quinlan       1    M      
 00000    Brendan Horan         3    M      
 00000    Kevin Tucker          1    M      
 00000    Shane Barry           1    M      
 00000    Maria Donovan         1    F      
 00000    Liam Lorigan          2    M      
 00000    Fiachra Luo           1    M      
 00000    Roseanna Lee          1    F      
 00000    Sean O'Sullivan       3    M      
 00000    Seamus Mencke         2    M      
 00000    Grainne O'Malley      1    M      
 00000    Sean Moroney          3    M      
 00000    Maeve Fitzgibbon      1    F      
 00000    Catherine Xu          2    F      
 00000    Olivia O'Shea         2    F      
 00000    Shane Cross           1    M      
 00000    Philip Fitzgerald     1    M      
 00000    Eoghan Kaneswaran     1    M      
 00000    Adrian Lynch          3    M      
 00000    Rebecca Marley        1    F      
 00000    Stephen Mulhall       1    M      
 00000    Rory Organ            1    M      
 00000    Eddie Real            3    M      
 00000    Olive Sims            1    F      
 00000    Thomas Williams       3    M      
 00000    Daniel Wan            1    M      
 00000    Eva O'Sullivan        1    F      
 00000    Eoghan McKeown        3    M      
 00000    Ciara Murphy          2    F      
 00000    Martin Tuile          3    M      
 00000    Aidan O'Halloran      1    M      
 00000    Stephen Kiely         1    M      
 00000    Mark Moran            2    M      
 00000    Liam Smith            1    M      
 00000    Stephen Dunphy        1    M      




               Page :  1                    Rolling Greens Golf Club - Membership Report

MemberID  Member Name         Type Gender   
 00000    Niamh Lynch           1    F      
 00000    Michael Roddy         1    M      
 00000    Philip Hayes          2    M      
 00000    Darren Hastings       1    M      
 00000    Hugh Horgan           1    M      
 00000    Michael Daughty       1    M      
 00000    Seamus Higgins        1    M      
 00000    Peter Harte           1    M      
 00000    Ruairi Egan           1    M      
 00000    Karen Brosnan         1    F      
 00000    Colin Brennan         2    M      
 00000    Patrick Casey         2    M      
 00000    Brian Horan           1    M      
 00000    David Mangan          2    M      
 00000    Hugh Burns            1    M      
 00000    Robert Byrne          1    M      
 00000    Aoife Ryan            1    F      
 00000    Faela McTernan        2    M      
 00000    Conor Garvan          1    M      
 00000    Eoghan O'Toole        2    M      
 00000    Hao Ming O'Connor     1    M      
 00000    Donald Hogan          2    M      
 00000    Ciara Ryan            1    F      
 00000    Shu Carroll           3    F      
 00000    Shane Reen            1    M      
 00000    Matthew Ryan          1    M      
 00000    William Carty         2    M      
 00000    Shane Cronin          1    M      
 00000    Kristofer Geraghty    2    M      
 00000    Padraig Webster       1    M      
 00000    David McWeeney        1    M      
 00000    Sharon Doyle          1    F      
 00000    Aaron Brady           1    M      
 00000    Jay Mc Carthy         1    M      
 00000    Barry Murphy          1    M      
 00000    Triona  Keyes         1    F      
 00000    Patrick Gillen        3    M      




               Page :  2                    Rolling Greens Golf Club - Membership Report

MemberID  Member Name         Type Gender   
 00000    Michael O'Brien       1    M      
 00000    Donal O'Donoghue      1    M      
 00000    Mark Deasy            1    M      
 00000    Joseph  Kiely         2    M      
 00000    Martin Goodwin        1    M      
 00000    Mary Maher            1    F      
 00000    David Hayes           1    M      
 00000    Kevin Kirwan          1    M      
 00000    Arthur McCormack      1    M      




**** End of Membership Report ****          
